// Jest Snapshot v1, https://goo.gl/fbAQLP

exports[`test cases for recommendation tabs should be able to render recommendation tabs 1`] = `
<div>
  <div
    class="StyledProps--font StyledProps--main recommendationTypeContainer StyledProps--padding-small"
  >
    <div
      class="Layout--horizontal StyledProps--main recommendations"
    >
      <div
        class="Layout--horizontal Layout--layout-spacing-xsmall StyledProps--main recommendationTypeText selectedTab"
      >
        <div
          class="Text--withDocsTooltip"
          data-tooltip-id="costOptimized"
        >
          <p
            class="StyledProps--font StyledProps--main selectedTab StyledProps--font-size-small StyledProps--font-align-center"
          >
            ce.recommendation.detailsPage.costOptimized
          </p>
        </div>
      </div>
      <div
        class="Layout--horizontal Layout--layout-spacing-xsmall StyledProps--main recommendationTypeText"
      >
        <div
          class="Text--withDocsTooltip"
          data-tooltip-id="performanceOptimized"
        >
          <p
            class="StyledProps--font StyledProps--main StyledProps--font-size-small StyledProps--font-align-center"
          >
            ce.recommendation.detailsPage.performanceOptimized
          </p>
        </div>
      </div>
    </div>
  </div>
</div>
`;
