// Jest Snapshot v1, https://goo.gl/fbAQLP

exports[`test cases for recommendation tabs should be able to render recommendation tabs 1`] = `
<div>
  <div
    class="StyledProps--font StyledProps--main recommendationTypeContainer StyledProps--padding-small"
  >
    <div
      class="Layout--horizontal StyledProps--main recommendations"
    >
      <div
        class="Layout--horizontal Layout--layout-spacing-xsmall StyledProps--main recommendationTypeText selectedTab"
      >
        <div
          class="Text--withDocsTooltip"
          data-tooltip-id="costOptimized"
        >
          <p
            class="StyledProps--font StyledProps--main selectedTab StyledProps--font-size-small StyledProps--font-align-center"
            style="display: flex; align-items: center;"
          >
            ce.recommendation.detailsPage.costOptimized
            <span
              class="bp3-icon StyledProps--main Text--icon StyledProps--padding-left-xsmall StyledProps--color StyledProps--color-white"
              data-icon="info"
            >
              <svg
                height="12"
                viewBox="0 0 12 12"
                width="12"
                xmlns="http://www.w3.org/2000/svg"
              >
                <path
                  clip-rule="evenodd"
                  d="M0 6a6 6 0 1012 0A6 6 0 000 6zm.75 0a5.25 5.25 0 1010.5 0A5.25 5.25 0 00.75 6zm4.206 3.104v.646h2.682v-.646l-.836-.144V4.203H4.956v.65l.836.144V8.96l-.836.144zm1.846-7.352v1.03h-1.01v-1.03h1.01z"
                  fill-rule="evenodd"
                />
              </svg>
            </span>
          </p>
        </div>
      </div>
      <div
        class="Layout--horizontal Layout--layout-spacing-xsmall StyledProps--main recommendationTypeText"
      >
        <div
          class="Text--withDocsTooltip"
          data-tooltip-id="performanceOptimized"
        >
          <p
            class="StyledProps--font StyledProps--main StyledProps--font-size-small StyledProps--font-align-center"
            style="display: flex; align-items: center;"
          >
            ce.recommendation.detailsPage.performanceOptimized
            <span
              class="bp3-icon StyledProps--main Text--icon StyledProps--padding-left-xsmall StyledProps--color StyledProps--color-grey500"
              data-icon="info"
            >
              <svg
                height="12"
                viewBox="0 0 12 12"
                width="12"
                xmlns="http://www.w3.org/2000/svg"
              >
                <path
                  clip-rule="evenodd"
                  d="M0 6a6 6 0 1012 0A6 6 0 000 6zm.75 0a5.25 5.25 0 1010.5 0A5.25 5.25 0 00.75 6zm4.206 3.104v.646h2.682v-.646l-.836-.144V4.203H4.956v.65l.836.144V8.96l-.836.144zm1.846-7.352v1.03h-1.01v-1.03h1.01z"
                  fill-rule="evenodd"
                />
              </svg>
            </span>
          </p>
        </div>
      </div>
    </div>
  </div>
</div>
`;
